// Jest Snapshot v1, https://goo.gl/fbAQLP

exports[`usePrismicPreview updates state while fetching preview 1`] = `
Object {
  "prismicPage": Object {
    "_previewable": "documentId",
    "alternate_languages": Array [],
    "data": Object {
      "body": Array [
        Object {
          "__typename": "PrismicPageBodyText",
          "id": "910fec9e-ac8a-5e6b-b961-a00d5be8c240",
          "internal": Object {
            "contentDigest": "caad30513c686a875a7fe28401c430de",
            "type": "PrismicPageBodyText",
          },
          "items": Array [
            Object {},
          ],
          "primary": Object {
            "text": Object {
              "html": "<p>Example text</p>",
              "raw": Array [
                Object {
                  "spans": Array [],
                  "text": "Example text",
                  "type": "paragraph",
                },
              ],
              "text": "Example text",
            },
          },
          "slice_label": undefined,
          "slice_type": "text",
        },
        Object {
          "__typename": "PrismicPageBodyImages",
          "id": "8996ab18-c215-535c-a525-9c41a411ba45",
          "internal": Object {
            "contentDigest": "3d6934233e926e30ae4fa34bcafb5bb5",
            "type": "PrismicPageBodyImages",
          },
          "items": Array [
            Object {
              "caption": Object {
                "html": "<p>Example camption</p>",
                "raw": Array [
                  Object {
                    "spans": Array [],
                    "text": "Example camption",
                    "type": "paragraph",
                  },
                ],
                "text": "Example camption",
              },
              "image": Object {
                "alt": "Example alt text",
                "copyright": null,
                "dimensions": Object {
                  "height": 1333,
                  "width": 2000,
                },
                "fixed": Object {
                  "base64": "https://images.prismic.io/gatsby-starter-ww%2F975fc7f0-6d9c-4034-a7de-0b46379ee05b_sean-pollock-203658-unsplash.jpg?auto=format%2Ccompress&rect=0%2C0%2C6000%2C3999&w=100&h=1333&blur=15&q=20&fit=max",
                  "height": 267,
                  "src": "https://images.prismic.io/gatsby-starter-ww%2F975fc7f0-6d9c-4034-a7de-0b46379ee05b_sean-pollock-203658-unsplash.jpg?auto=format%2Ccompress&rect=0%2C0%2C6000%2C3999&w=400&h=267&fit=max&q=50",
                  "srcSet": "https://images.prismic.io/gatsby-starter-ww%2F975fc7f0-6d9c-4034-a7de-0b46379ee05b_sean-pollock-203658-unsplash.jpg?auto=format%2Ccompress&rect=0%2C0%2C6000%2C3999&w=400&h=267&fit=max&q=50&dpr=1 1x, https://images.prismic.io/gatsby-starter-ww%2F975fc7f0-6d9c-4034-a7de-0b46379ee05b_sean-pollock-203658-unsplash.jpg?auto=format%2Ccompress&rect=0%2C0%2C6000%2C3999&w=400&h=267&fit=max&q=50&dpr=1.5 1.5x, https://images.prismic.io/gatsby-starter-ww%2F975fc7f0-6d9c-4034-a7de-0b46379ee05b_sean-pollock-203658-unsplash.jpg?auto=format%2Ccompress&rect=0%2C0%2C6000%2C3999&w=400&h=267&fit=max&q=50&dpr=2 2x",
                  "srcSetWebp": "https://images.prismic.io/gatsby-starter-ww%2F975fc7f0-6d9c-4034-a7de-0b46379ee05b_sean-pollock-203658-unsplash.jpg?auto=format%2Ccompress&rect=0%2C0%2C6000%2C3999&w=400&h=267&fit=max&q=50&dpr=1 1x, https://images.prismic.io/gatsby-starter-ww%2F975fc7f0-6d9c-4034-a7de-0b46379ee05b_sean-pollock-203658-unsplash.jpg?auto=format%2Ccompress&rect=0%2C0%2C6000%2C3999&w=400&h=267&fit=max&q=50&dpr=1.5 1.5x, https://images.prismic.io/gatsby-starter-ww%2F975fc7f0-6d9c-4034-a7de-0b46379ee05b_sean-pollock-203658-unsplash.jpg?auto=format%2Ccompress&rect=0%2C0%2C6000%2C3999&w=400&h=267&fit=max&q=50&dpr=2 2x",
                  "srcWebp": "https://images.prismic.io/gatsby-starter-ww%2F975fc7f0-6d9c-4034-a7de-0b46379ee05b_sean-pollock-203658-unsplash.jpg?auto=format%2Ccompress&rect=0%2C0%2C6000%2C3999&w=400&h=267&fit=max&q=50",
                  "width": 400,
                },
                "fluid": Object {
                  "aspectRatio": 1.5003750937734435,
                  "base64": "https://images.prismic.io/gatsby-starter-ww%2F975fc7f0-6d9c-4034-a7de-0b46379ee05b_sean-pollock-203658-unsplash.jpg?auto=format%2Ccompress&rect=0%2C0%2C6000%2C3999&w=100&h=1333&blur=15&q=20&fit=max",
                  "sizes": "",
                  "src": "https://images.prismic.io/gatsby-starter-ww%2F975fc7f0-6d9c-4034-a7de-0b46379ee05b_sean-pollock-203658-unsplash.jpg?auto=format%2Ccompress&rect=0%2C0%2C6000%2C3999&w=800&fit=max&q=50",
                  "srcSet": "https://images.prismic.io/gatsby-starter-ww%2F975fc7f0-6d9c-4034-a7de-0b46379ee05b_sean-pollock-203658-unsplash.jpg?auto=format%2Ccompress&rect=0%2C0%2C6000%2C3999&w=200&h=133&fit=max&q=50 200w, https://images.prismic.io/gatsby-starter-ww%2F975fc7f0-6d9c-4034-a7de-0b46379ee05b_sean-pollock-203658-unsplash.jpg?auto=format%2Ccompress&rect=0%2C0%2C6000%2C3999&w=400&h=267&fit=max&q=50 400w, https://images.prismic.io/gatsby-starter-ww%2F975fc7f0-6d9c-4034-a7de-0b46379ee05b_sean-pollock-203658-unsplash.jpg?auto=format%2Ccompress&rect=0%2C0%2C6000%2C3999&w=800&h=533&fit=max&q=50 800w, https://images.prismic.io/gatsby-starter-ww%2F975fc7f0-6d9c-4034-a7de-0b46379ee05b_sean-pollock-203658-unsplash.jpg?auto=format%2Ccompress&rect=0%2C0%2C6000%2C3999&w=1200&h=800&fit=max&q=50 1200w, https://images.prismic.io/gatsby-starter-ww%2F975fc7f0-6d9c-4034-a7de-0b46379ee05b_sean-pollock-203658-unsplash.jpg?auto=format%2Ccompress&rect=0%2C0%2C6000%2C3999&w=1600&h=1066&fit=max&q=50 1600w",
                  "srcSetWebp": "https://images.prismic.io/gatsby-starter-ww%2F975fc7f0-6d9c-4034-a7de-0b46379ee05b_sean-pollock-203658-unsplash.jpg?auto=format%2Ccompress&rect=0%2C0%2C6000%2C3999&w=200&h=133&fit=max&q=50 200w, https://images.prismic.io/gatsby-starter-ww%2F975fc7f0-6d9c-4034-a7de-0b46379ee05b_sean-pollock-203658-unsplash.jpg?auto=format%2Ccompress&rect=0%2C0%2C6000%2C3999&w=400&h=267&fit=max&q=50 400w, https://images.prismic.io/gatsby-starter-ww%2F975fc7f0-6d9c-4034-a7de-0b46379ee05b_sean-pollock-203658-unsplash.jpg?auto=format%2Ccompress&rect=0%2C0%2C6000%2C3999&w=800&h=533&fit=max&q=50 800w, https://images.prismic.io/gatsby-starter-ww%2F975fc7f0-6d9c-4034-a7de-0b46379ee05b_sean-pollock-203658-unsplash.jpg?auto=format%2Ccompress&rect=0%2C0%2C6000%2C3999&w=1200&h=800&fit=max&q=50 1200w, https://images.prismic.io/gatsby-starter-ww%2F975fc7f0-6d9c-4034-a7de-0b46379ee05b_sean-pollock-203658-unsplash.jpg?auto=format%2Ccompress&rect=0%2C0%2C6000%2C3999&w=1600&h=1066&fit=max&q=50 1600w",
                  "srcWebp": "https://images.prismic.io/gatsby-starter-ww%2F975fc7f0-6d9c-4034-a7de-0b46379ee05b_sean-pollock-203658-unsplash.jpg?auto=format%2Ccompress&rect=0%2C0%2C6000%2C3999&w=800&fit=max&q=50",
                },
                "thumbnails": Object {
                  "Mobile": Object {
                    "dimensions": Object {
                      "height": 667,
                      "width": 1000,
                    },
                    "fixed": Object {
                      "base64": "https://images.prismic.io/gatsby-starter-ww%2F975fc7f0-6d9c-4034-a7de-0b46379ee05b_sean-pollock-203658-unsplash.jpg?auto=format%2Ccompress&rect=0%2C0%2C6000%2C3999&w=100&h=667&blur=15&q=20&fit=max",
                      "height": 267,
                      "src": "https://images.prismic.io/gatsby-starter-ww%2F975fc7f0-6d9c-4034-a7de-0b46379ee05b_sean-pollock-203658-unsplash.jpg?auto=format%2Ccompress&rect=0%2C0%2C6000%2C3999&w=400&h=267&fit=max&q=50",
                      "srcSet": "https://images.prismic.io/gatsby-starter-ww%2F975fc7f0-6d9c-4034-a7de-0b46379ee05b_sean-pollock-203658-unsplash.jpg?auto=format%2Ccompress&rect=0%2C0%2C6000%2C3999&w=400&h=267&fit=max&q=50&dpr=1 1x, https://images.prismic.io/gatsby-starter-ww%2F975fc7f0-6d9c-4034-a7de-0b46379ee05b_sean-pollock-203658-unsplash.jpg?auto=format%2Ccompress&rect=0%2C0%2C6000%2C3999&w=400&h=267&fit=max&q=50&dpr=1.5 1.5x, https://images.prismic.io/gatsby-starter-ww%2F975fc7f0-6d9c-4034-a7de-0b46379ee05b_sean-pollock-203658-unsplash.jpg?auto=format%2Ccompress&rect=0%2C0%2C6000%2C3999&w=400&h=267&fit=max&q=50&dpr=2 2x",
                      "srcSetWebp": "https://images.prismic.io/gatsby-starter-ww%2F975fc7f0-6d9c-4034-a7de-0b46379ee05b_sean-pollock-203658-unsplash.jpg?auto=format%2Ccompress&rect=0%2C0%2C6000%2C3999&w=400&h=267&fit=max&q=50&dpr=1 1x, https://images.prismic.io/gatsby-starter-ww%2F975fc7f0-6d9c-4034-a7de-0b46379ee05b_sean-pollock-203658-unsplash.jpg?auto=format%2Ccompress&rect=0%2C0%2C6000%2C3999&w=400&h=267&fit=max&q=50&dpr=1.5 1.5x, https://images.prismic.io/gatsby-starter-ww%2F975fc7f0-6d9c-4034-a7de-0b46379ee05b_sean-pollock-203658-unsplash.jpg?auto=format%2Ccompress&rect=0%2C0%2C6000%2C3999&w=400&h=267&fit=max&q=50&dpr=2 2x",
                      "srcWebp": "https://images.prismic.io/gatsby-starter-ww%2F975fc7f0-6d9c-4034-a7de-0b46379ee05b_sean-pollock-203658-unsplash.jpg?auto=format%2Ccompress&rect=0%2C0%2C6000%2C3999&w=400&h=267&fit=max&q=50",
                      "width": 400,
                    },
                    "fluid": Object {
                      "aspectRatio": 1.4992503748125936,
                      "base64": "https://images.prismic.io/gatsby-starter-ww%2F975fc7f0-6d9c-4034-a7de-0b46379ee05b_sean-pollock-203658-unsplash.jpg?auto=format%2Ccompress&rect=0%2C0%2C6000%2C3999&w=100&h=667&blur=15&q=20&fit=max",
                      "sizes": "",
                      "src": "https://images.prismic.io/gatsby-starter-ww%2F975fc7f0-6d9c-4034-a7de-0b46379ee05b_sean-pollock-203658-unsplash.jpg?auto=format%2Ccompress&rect=0%2C0%2C6000%2C3999&w=800&fit=max&q=50",
                      "srcSet": "https://images.prismic.io/gatsby-starter-ww%2F975fc7f0-6d9c-4034-a7de-0b46379ee05b_sean-pollock-203658-unsplash.jpg?auto=format%2Ccompress&rect=0%2C0%2C6000%2C3999&w=200&h=133&fit=max&q=50 200w, https://images.prismic.io/gatsby-starter-ww%2F975fc7f0-6d9c-4034-a7de-0b46379ee05b_sean-pollock-203658-unsplash.jpg?auto=format%2Ccompress&rect=0%2C0%2C6000%2C3999&w=400&h=267&fit=max&q=50 400w, https://images.prismic.io/gatsby-starter-ww%2F975fc7f0-6d9c-4034-a7de-0b46379ee05b_sean-pollock-203658-unsplash.jpg?auto=format%2Ccompress&rect=0%2C0%2C6000%2C3999&w=800&h=534&fit=max&q=50 800w, https://images.prismic.io/gatsby-starter-ww%2F975fc7f0-6d9c-4034-a7de-0b46379ee05b_sean-pollock-203658-unsplash.jpg?auto=format%2Ccompress&rect=0%2C0%2C6000%2C3999&w=1200&h=800&fit=max&q=50 1200w, https://images.prismic.io/gatsby-starter-ww%2F975fc7f0-6d9c-4034-a7de-0b46379ee05b_sean-pollock-203658-unsplash.jpg?auto=format%2Ccompress&rect=0%2C0%2C6000%2C3999&w=1600&h=1067&fit=max&q=50 1600w",
                      "srcSetWebp": "https://images.prismic.io/gatsby-starter-ww%2F975fc7f0-6d9c-4034-a7de-0b46379ee05b_sean-pollock-203658-unsplash.jpg?auto=format%2Ccompress&rect=0%2C0%2C6000%2C3999&w=200&h=133&fit=max&q=50 200w, https://images.prismic.io/gatsby-starter-ww%2F975fc7f0-6d9c-4034-a7de-0b46379ee05b_sean-pollock-203658-unsplash.jpg?auto=format%2Ccompress&rect=0%2C0%2C6000%2C3999&w=400&h=267&fit=max&q=50 400w, https://images.prismic.io/gatsby-starter-ww%2F975fc7f0-6d9c-4034-a7de-0b46379ee05b_sean-pollock-203658-unsplash.jpg?auto=format%2Ccompress&rect=0%2C0%2C6000%2C3999&w=800&h=534&fit=max&q=50 800w, https://images.prismic.io/gatsby-starter-ww%2F975fc7f0-6d9c-4034-a7de-0b46379ee05b_sean-pollock-203658-unsplash.jpg?auto=format%2Ccompress&rect=0%2C0%2C6000%2C3999&w=1200&h=800&fit=max&q=50 1200w, https://images.prismic.io/gatsby-starter-ww%2F975fc7f0-6d9c-4034-a7de-0b46379ee05b_sean-pollock-203658-unsplash.jpg?auto=format%2Ccompress&rect=0%2C0%2C6000%2C3999&w=1600&h=1067&fit=max&q=50 1600w",
                      "srcWebp": "https://images.prismic.io/gatsby-starter-ww%2F975fc7f0-6d9c-4034-a7de-0b46379ee05b_sean-pollock-203658-unsplash.jpg?auto=format%2Ccompress&rect=0%2C0%2C6000%2C3999&w=800&fit=max&q=50",
                    },
                    "url": "https://images.prismic.io/gatsby-starter-ww%2F975fc7f0-6d9c-4034-a7de-0b46379ee05b_sean-pollock-203658-unsplash.jpg?auto=compress,format&rect=0,0,6000,3999&w=1000&h=667",
                  },
                },
                "url": "https://images.prismic.io/gatsby-starter-ww%2F975fc7f0-6d9c-4034-a7de-0b46379ee05b_sean-pollock-203658-unsplash.jpg?auto=compress,format&rect=0,0,6000,3999&w=2000&h=1333",
              },
            },
          ],
          "primary": Object {},
          "slice_label": undefined,
          "slice_type": "images",
        },
      ],
      "main": Array [],
      "meta_description": null,
      "meta_title": null,
      "parent": Object {
        "document": Object {
          "_previewable": "linkId123xYz",
          "alternate_languages": Array [],
          "data": Object {
            "body": Array [
              Object {
                "__typename": "PrismicPageBodyText",
                "id": "d35b9350-c815-5354-bc8b-51e8115ec723",
                "internal": Object {
                  "contentDigest": "caad30513c686a875a7fe28401c430de",
                  "type": "PrismicPageBodyText",
                },
                "items": Array [
                  Object {},
                ],
                "primary": Object {
                  "text": Object {
                    "html": "<p>Example text</p>",
                    "raw": Array [
                      Object {
                        "spans": Array [],
                        "text": "Example text",
                        "type": "paragraph",
                      },
                    ],
                    "text": "Example text",
                  },
                },
                "slice_label": undefined,
                "slice_type": "text",
              },
              Object {
                "__typename": "PrismicPageBodyImages",
                "id": "1457ae6c-d3fa-5c3f-8c24-b9b6b7ae9c7e",
                "internal": Object {
                  "contentDigest": "3d6934233e926e30ae4fa34bcafb5bb5",
                  "type": "PrismicPageBodyImages",
                },
                "items": Array [
                  Object {
                    "caption": Object {
                      "html": "<p>Example camption</p>",
                      "raw": Array [
                        Object {
                          "spans": Array [],
                          "text": "Example camption",
                          "type": "paragraph",
                        },
                      ],
                      "text": "Example camption",
                    },
                    "image": Object {
                      "alt": "Example alt text",
                      "copyright": null,
                      "dimensions": Object {
                        "height": 1333,
                        "width": 2000,
                      },
                      "fixed": Object {
                        "base64": "https://images.prismic.io/gatsby-starter-ww%2F975fc7f0-6d9c-4034-a7de-0b46379ee05b_sean-pollock-203658-unsplash.jpg?auto=format%2Ccompress&rect=0%2C0%2C6000%2C3999&w=100&h=1333&blur=15&q=20&fit=max",
                        "height": 267,
                        "src": "https://images.prismic.io/gatsby-starter-ww%2F975fc7f0-6d9c-4034-a7de-0b46379ee05b_sean-pollock-203658-unsplash.jpg?auto=format%2Ccompress&rect=0%2C0%2C6000%2C3999&w=400&h=267&fit=max&q=50",
                        "srcSet": "https://images.prismic.io/gatsby-starter-ww%2F975fc7f0-6d9c-4034-a7de-0b46379ee05b_sean-pollock-203658-unsplash.jpg?auto=format%2Ccompress&rect=0%2C0%2C6000%2C3999&w=400&h=267&fit=max&q=50&dpr=1 1x, https://images.prismic.io/gatsby-starter-ww%2F975fc7f0-6d9c-4034-a7de-0b46379ee05b_sean-pollock-203658-unsplash.jpg?auto=format%2Ccompress&rect=0%2C0%2C6000%2C3999&w=400&h=267&fit=max&q=50&dpr=1.5 1.5x, https://images.prismic.io/gatsby-starter-ww%2F975fc7f0-6d9c-4034-a7de-0b46379ee05b_sean-pollock-203658-unsplash.jpg?auto=format%2Ccompress&rect=0%2C0%2C6000%2C3999&w=400&h=267&fit=max&q=50&dpr=2 2x",
                        "srcSetWebp": "https://images.prismic.io/gatsby-starter-ww%2F975fc7f0-6d9c-4034-a7de-0b46379ee05b_sean-pollock-203658-unsplash.jpg?auto=format%2Ccompress&rect=0%2C0%2C6000%2C3999&w=400&h=267&fit=max&q=50&dpr=1 1x, https://images.prismic.io/gatsby-starter-ww%2F975fc7f0-6d9c-4034-a7de-0b46379ee05b_sean-pollock-203658-unsplash.jpg?auto=format%2Ccompress&rect=0%2C0%2C6000%2C3999&w=400&h=267&fit=max&q=50&dpr=1.5 1.5x, https://images.prismic.io/gatsby-starter-ww%2F975fc7f0-6d9c-4034-a7de-0b46379ee05b_sean-pollock-203658-unsplash.jpg?auto=format%2Ccompress&rect=0%2C0%2C6000%2C3999&w=400&h=267&fit=max&q=50&dpr=2 2x",
                        "srcWebp": "https://images.prismic.io/gatsby-starter-ww%2F975fc7f0-6d9c-4034-a7de-0b46379ee05b_sean-pollock-203658-unsplash.jpg?auto=format%2Ccompress&rect=0%2C0%2C6000%2C3999&w=400&h=267&fit=max&q=50",
                        "width": 400,
                      },
                      "fluid": Object {
                        "aspectRatio": 1.5003750937734435,
                        "base64": "https://images.prismic.io/gatsby-starter-ww%2F975fc7f0-6d9c-4034-a7de-0b46379ee05b_sean-pollock-203658-unsplash.jpg?auto=format%2Ccompress&rect=0%2C0%2C6000%2C3999&w=100&h=1333&blur=15&q=20&fit=max",
                        "sizes": "",
                        "src": "https://images.prismic.io/gatsby-starter-ww%2F975fc7f0-6d9c-4034-a7de-0b46379ee05b_sean-pollock-203658-unsplash.jpg?auto=format%2Ccompress&rect=0%2C0%2C6000%2C3999&w=800&fit=max&q=50",
                        "srcSet": "https://images.prismic.io/gatsby-starter-ww%2F975fc7f0-6d9c-4034-a7de-0b46379ee05b_sean-pollock-203658-unsplash.jpg?auto=format%2Ccompress&rect=0%2C0%2C6000%2C3999&w=200&h=133&fit=max&q=50 200w, https://images.prismic.io/gatsby-starter-ww%2F975fc7f0-6d9c-4034-a7de-0b46379ee05b_sean-pollock-203658-unsplash.jpg?auto=format%2Ccompress&rect=0%2C0%2C6000%2C3999&w=400&h=267&fit=max&q=50 400w, https://images.prismic.io/gatsby-starter-ww%2F975fc7f0-6d9c-4034-a7de-0b46379ee05b_sean-pollock-203658-unsplash.jpg?auto=format%2Ccompress&rect=0%2C0%2C6000%2C3999&w=800&h=533&fit=max&q=50 800w, https://images.prismic.io/gatsby-starter-ww%2F975fc7f0-6d9c-4034-a7de-0b46379ee05b_sean-pollock-203658-unsplash.jpg?auto=format%2Ccompress&rect=0%2C0%2C6000%2C3999&w=1200&h=800&fit=max&q=50 1200w, https://images.prismic.io/gatsby-starter-ww%2F975fc7f0-6d9c-4034-a7de-0b46379ee05b_sean-pollock-203658-unsplash.jpg?auto=format%2Ccompress&rect=0%2C0%2C6000%2C3999&w=1600&h=1066&fit=max&q=50 1600w",
                        "srcSetWebp": "https://images.prismic.io/gatsby-starter-ww%2F975fc7f0-6d9c-4034-a7de-0b46379ee05b_sean-pollock-203658-unsplash.jpg?auto=format%2Ccompress&rect=0%2C0%2C6000%2C3999&w=200&h=133&fit=max&q=50 200w, https://images.prismic.io/gatsby-starter-ww%2F975fc7f0-6d9c-4034-a7de-0b46379ee05b_sean-pollock-203658-unsplash.jpg?auto=format%2Ccompress&rect=0%2C0%2C6000%2C3999&w=400&h=267&fit=max&q=50 400w, https://images.prismic.io/gatsby-starter-ww%2F975fc7f0-6d9c-4034-a7de-0b46379ee05b_sean-pollock-203658-unsplash.jpg?auto=format%2Ccompress&rect=0%2C0%2C6000%2C3999&w=800&h=533&fit=max&q=50 800w, https://images.prismic.io/gatsby-starter-ww%2F975fc7f0-6d9c-4034-a7de-0b46379ee05b_sean-pollock-203658-unsplash.jpg?auto=format%2Ccompress&rect=0%2C0%2C6000%2C3999&w=1200&h=800&fit=max&q=50 1200w, https://images.prismic.io/gatsby-starter-ww%2F975fc7f0-6d9c-4034-a7de-0b46379ee05b_sean-pollock-203658-unsplash.jpg?auto=format%2Ccompress&rect=0%2C0%2C6000%2C3999&w=1600&h=1066&fit=max&q=50 1600w",
                        "srcWebp": "https://images.prismic.io/gatsby-starter-ww%2F975fc7f0-6d9c-4034-a7de-0b46379ee05b_sean-pollock-203658-unsplash.jpg?auto=format%2Ccompress&rect=0%2C0%2C6000%2C3999&w=800&fit=max&q=50",
                      },
                      "thumbnails": Object {
                        "Mobile": Object {
                          "dimensions": Object {
                            "height": 667,
                            "width": 1000,
                          },
                          "fixed": Object {
                            "base64": "https://images.prismic.io/gatsby-starter-ww%2F975fc7f0-6d9c-4034-a7de-0b46379ee05b_sean-pollock-203658-unsplash.jpg?auto=format%2Ccompress&rect=0%2C0%2C6000%2C3999&w=100&h=667&blur=15&q=20&fit=max",
                            "height": 267,
                            "src": "https://images.prismic.io/gatsby-starter-ww%2F975fc7f0-6d9c-4034-a7de-0b46379ee05b_sean-pollock-203658-unsplash.jpg?auto=format%2Ccompress&rect=0%2C0%2C6000%2C3999&w=400&h=267&fit=max&q=50",
                            "srcSet": "https://images.prismic.io/gatsby-starter-ww%2F975fc7f0-6d9c-4034-a7de-0b46379ee05b_sean-pollock-203658-unsplash.jpg?auto=format%2Ccompress&rect=0%2C0%2C6000%2C3999&w=400&h=267&fit=max&q=50&dpr=1 1x, https://images.prismic.io/gatsby-starter-ww%2F975fc7f0-6d9c-4034-a7de-0b46379ee05b_sean-pollock-203658-unsplash.jpg?auto=format%2Ccompress&rect=0%2C0%2C6000%2C3999&w=400&h=267&fit=max&q=50&dpr=1.5 1.5x, https://images.prismic.io/gatsby-starter-ww%2F975fc7f0-6d9c-4034-a7de-0b46379ee05b_sean-pollock-203658-unsplash.jpg?auto=format%2Ccompress&rect=0%2C0%2C6000%2C3999&w=400&h=267&fit=max&q=50&dpr=2 2x",
                            "srcSetWebp": "https://images.prismic.io/gatsby-starter-ww%2F975fc7f0-6d9c-4034-a7de-0b46379ee05b_sean-pollock-203658-unsplash.jpg?auto=format%2Ccompress&rect=0%2C0%2C6000%2C3999&w=400&h=267&fit=max&q=50&dpr=1 1x, https://images.prismic.io/gatsby-starter-ww%2F975fc7f0-6d9c-4034-a7de-0b46379ee05b_sean-pollock-203658-unsplash.jpg?auto=format%2Ccompress&rect=0%2C0%2C6000%2C3999&w=400&h=267&fit=max&q=50&dpr=1.5 1.5x, https://images.prismic.io/gatsby-starter-ww%2F975fc7f0-6d9c-4034-a7de-0b46379ee05b_sean-pollock-203658-unsplash.jpg?auto=format%2Ccompress&rect=0%2C0%2C6000%2C3999&w=400&h=267&fit=max&q=50&dpr=2 2x",
                            "srcWebp": "https://images.prismic.io/gatsby-starter-ww%2F975fc7f0-6d9c-4034-a7de-0b46379ee05b_sean-pollock-203658-unsplash.jpg?auto=format%2Ccompress&rect=0%2C0%2C6000%2C3999&w=400&h=267&fit=max&q=50",
                            "width": 400,
                          },
                          "fluid": Object {
                            "aspectRatio": 1.4992503748125936,
                            "base64": "https://images.prismic.io/gatsby-starter-ww%2F975fc7f0-6d9c-4034-a7de-0b46379ee05b_sean-pollock-203658-unsplash.jpg?auto=format%2Ccompress&rect=0%2C0%2C6000%2C3999&w=100&h=667&blur=15&q=20&fit=max",
                            "sizes": "",
                            "src": "https://images.prismic.io/gatsby-starter-ww%2F975fc7f0-6d9c-4034-a7de-0b46379ee05b_sean-pollock-203658-unsplash.jpg?auto=format%2Ccompress&rect=0%2C0%2C6000%2C3999&w=800&fit=max&q=50",
                            "srcSet": "https://images.prismic.io/gatsby-starter-ww%2F975fc7f0-6d9c-4034-a7de-0b46379ee05b_sean-pollock-203658-unsplash.jpg?auto=format%2Ccompress&rect=0%2C0%2C6000%2C3999&w=200&h=133&fit=max&q=50 200w, https://images.prismic.io/gatsby-starter-ww%2F975fc7f0-6d9c-4034-a7de-0b46379ee05b_sean-pollock-203658-unsplash.jpg?auto=format%2Ccompress&rect=0%2C0%2C6000%2C3999&w=400&h=267&fit=max&q=50 400w, https://images.prismic.io/gatsby-starter-ww%2F975fc7f0-6d9c-4034-a7de-0b46379ee05b_sean-pollock-203658-unsplash.jpg?auto=format%2Ccompress&rect=0%2C0%2C6000%2C3999&w=800&h=534&fit=max&q=50 800w, https://images.prismic.io/gatsby-starter-ww%2F975fc7f0-6d9c-4034-a7de-0b46379ee05b_sean-pollock-203658-unsplash.jpg?auto=format%2Ccompress&rect=0%2C0%2C6000%2C3999&w=1200&h=800&fit=max&q=50 1200w, https://images.prismic.io/gatsby-starter-ww%2F975fc7f0-6d9c-4034-a7de-0b46379ee05b_sean-pollock-203658-unsplash.jpg?auto=format%2Ccompress&rect=0%2C0%2C6000%2C3999&w=1600&h=1067&fit=max&q=50 1600w",
                            "srcSetWebp": "https://images.prismic.io/gatsby-starter-ww%2F975fc7f0-6d9c-4034-a7de-0b46379ee05b_sean-pollock-203658-unsplash.jpg?auto=format%2Ccompress&rect=0%2C0%2C6000%2C3999&w=200&h=133&fit=max&q=50 200w, https://images.prismic.io/gatsby-starter-ww%2F975fc7f0-6d9c-4034-a7de-0b46379ee05b_sean-pollock-203658-unsplash.jpg?auto=format%2Ccompress&rect=0%2C0%2C6000%2C3999&w=400&h=267&fit=max&q=50 400w, https://images.prismic.io/gatsby-starter-ww%2F975fc7f0-6d9c-4034-a7de-0b46379ee05b_sean-pollock-203658-unsplash.jpg?auto=format%2Ccompress&rect=0%2C0%2C6000%2C3999&w=800&h=534&fit=max&q=50 800w, https://images.prismic.io/gatsby-starter-ww%2F975fc7f0-6d9c-4034-a7de-0b46379ee05b_sean-pollock-203658-unsplash.jpg?auto=format%2Ccompress&rect=0%2C0%2C6000%2C3999&w=1200&h=800&fit=max&q=50 1200w, https://images.prismic.io/gatsby-starter-ww%2F975fc7f0-6d9c-4034-a7de-0b46379ee05b_sean-pollock-203658-unsplash.jpg?auto=format%2Ccompress&rect=0%2C0%2C6000%2C3999&w=1600&h=1067&fit=max&q=50 1600w",
                            "srcWebp": "https://images.prismic.io/gatsby-starter-ww%2F975fc7f0-6d9c-4034-a7de-0b46379ee05b_sean-pollock-203658-unsplash.jpg?auto=format%2Ccompress&rect=0%2C0%2C6000%2C3999&w=800&fit=max&q=50",
                          },
                          "url": "https://images.prismic.io/gatsby-starter-ww%2F975fc7f0-6d9c-4034-a7de-0b46379ee05b_sean-pollock-203658-unsplash.jpg?auto=compress,format&rect=0,0,6000,3999&w=1000&h=667",
                        },
                      },
                      "url": "https://images.prismic.io/gatsby-starter-ww%2F975fc7f0-6d9c-4034-a7de-0b46379ee05b_sean-pollock-203658-unsplash.jpg?auto=compress,format&rect=0,0,6000,3999&w=2000&h=1333",
                    },
                  },
                ],
                "primary": Object {},
                "slice_label": undefined,
                "slice_type": "images",
              },
            ],
            "main": Array [],
            "meta_description": null,
            "meta_title": null,
            "parent": Object {
              "document": [Circular],
              "id": "linkId123xYz",
              "link_type": "Document",
              "raw": Object {
                "id": "linkId123xYz",
                "link_type": "Document",
              },
              "url": "",
            },
            "title": Object {
              "html": "<h1>Home</h1>",
              "raw": Array [
                Object {
                  "spans": Array [],
                  "text": "Home",
                  "type": "heading1",
                },
              ],
              "text": "Home",
            },
          },
          "dataRaw": Object {
            "body": Array [
              Object {
                "items": Array [
                  Object {},
                ],
                "primary": Object {
                  "text": Array [
                    Object {
                      "spans": Array [],
                      "text": "Example text",
                      "type": "paragraph",
                    },
                  ],
                },
                "slice_label": null,
                "slice_type": "text",
              },
              Object {
                "items": Array [
                  Object {
                    "caption": Array [
                      Object {
                        "spans": Array [],
                        "text": "Example camption",
                        "type": "paragraph",
                      },
                    ],
                    "image": Object {
                      "Mobile": Object {
                        "dimensions": Object {
                          "height": 667,
                          "width": 1000,
                        },
                        "url": "https://images.prismic.io/gatsby-starter-ww%2F975fc7f0-6d9c-4034-a7de-0b46379ee05b_sean-pollock-203658-unsplash.jpg?auto=compress,format&rect=0,0,6000,3999&w=1000&h=667",
                      },
                      "alt": "Example alt text",
                      "copyright": null,
                      "dimensions": Object {
                        "height": 1333,
                        "width": 2000,
                      },
                      "url": "https://images.prismic.io/gatsby-starter-ww%2F975fc7f0-6d9c-4034-a7de-0b46379ee05b_sean-pollock-203658-unsplash.jpg?auto=compress,format&rect=0,0,6000,3999&w=2000&h=1333",
                    },
                  },
                ],
                "primary": Object {},
                "slice_label": null,
                "slice_type": "images",
              },
            ],
            "main": Array [],
            "meta_description": null,
            "meta_title": null,
            "parent": Object {
              "id": "linkId123xYz",
              "link_type": "Document",
            },
            "title": Array [
              Object {
                "spans": Array [],
                "text": "Home",
                "type": "heading1",
              },
            ],
          },
          "dataString": "{\\"title\\":[{\\"type\\":\\"heading1\\",\\"text\\":\\"Home\\",\\"spans\\":[]}],\\"meta_title\\":null,\\"meta_description\\":null,\\"parent\\":{\\"link_type\\":\\"Document\\",\\"id\\":\\"linkId123xYz\\"},\\"main\\":[],\\"body\\":[{\\"slice_type\\":\\"text\\",\\"slice_label\\":null,\\"items\\":[{}],\\"primary\\":{\\"text\\":[{\\"type\\":\\"paragraph\\",\\"text\\":\\"Example text\\",\\"spans\\":[]}]}},{\\"slice_type\\":\\"images\\",\\"slice_label\\":null,\\"items\\":[{\\"image\\":{\\"dimensions\\":{\\"width\\":2000,\\"height\\":1333},\\"alt\\":\\"Example alt text\\",\\"copyright\\":null,\\"url\\":\\"https://images.prismic.io/gatsby-starter-ww%2F975fc7f0-6d9c-4034-a7de-0b46379ee05b_sean-pollock-203658-unsplash.jpg?auto=compress,format&rect=0,0,6000,3999&w=2000&h=1333\\",\\"Mobile\\":{\\"url\\":\\"https://images.prismic.io/gatsby-starter-ww%2F975fc7f0-6d9c-4034-a7de-0b46379ee05b_sean-pollock-203658-unsplash.jpg?auto=compress,format&rect=0,0,6000,3999&w=1000&h=667\\",\\"dimensions\\":{\\"width\\":1000,\\"height\\":667}}},\\"caption\\":[{\\"type\\":\\"paragraph\\",\\"text\\":\\"Example camption\\",\\"spans\\":[]}]}],\\"primary\\":{}}]}",
          "first_publication_date": "2019-01-06T04:03:51+0000",
          "href": "https://gatsby-starter-ww.cdn.prismic.io/api/v2/documents/search?ref=Xj9DrRUAACcAJ33X&q=%5B%5B%3Ad+%3D+at%28document.id%2C+%22XDF-DhEAACAA5b4F%22%29+%5D%5D",
          "id": "f651ca90-a9d2-5339-a416-12f5866b2993",
          "internal": Object {
            "contentDigest": "58c1f697911b3eba63b3c8a322980d1a",
            "type": "PrismicPage",
          },
          "lang": "en-us",
          "last_publication_date": "2020-02-08T23:26:37+0000",
          "linked_documents": Array [],
          "prismicId": "linkId123xYz",
          "slugs": Array [
            "home",
          ],
          "tags": Array [],
          "type": "page",
          "uid": "home",
          "url": undefined,
        },
        "id": "linkId123xYz",
        "link_type": "Document",
        "raw": Object {
          "id": "linkId123xYz",
          "link_type": "Document",
        },
        "url": "",
      },
      "title": Object {
        "html": "<h1>Home</h1>",
        "raw": Array [
          Object {
            "spans": Array [],
            "text": "Home",
            "type": "heading1",
          },
        ],
        "text": "Home",
      },
    },
    "dataRaw": Object {
      "body": Array [
        Object {
          "items": Array [
            Object {},
          ],
          "primary": Object {
            "text": Array [
              Object {
                "spans": Array [],
                "text": "Example text",
                "type": "paragraph",
              },
            ],
          },
          "slice_label": null,
          "slice_type": "text",
        },
        Object {
          "items": Array [
            Object {
              "caption": Array [
                Object {
                  "spans": Array [],
                  "text": "Example camption",
                  "type": "paragraph",
                },
              ],
              "image": Object {
                "Mobile": Object {
                  "dimensions": Object {
                    "height": 667,
                    "width": 1000,
                  },
                  "url": "https://images.prismic.io/gatsby-starter-ww%2F975fc7f0-6d9c-4034-a7de-0b46379ee05b_sean-pollock-203658-unsplash.jpg?auto=compress,format&rect=0,0,6000,3999&w=1000&h=667",
                },
                "alt": "Example alt text",
                "copyright": null,
                "dimensions": Object {
                  "height": 1333,
                  "width": 2000,
                },
                "url": "https://images.prismic.io/gatsby-starter-ww%2F975fc7f0-6d9c-4034-a7de-0b46379ee05b_sean-pollock-203658-unsplash.jpg?auto=compress,format&rect=0,0,6000,3999&w=2000&h=1333",
              },
            },
          ],
          "primary": Object {},
          "slice_label": null,
          "slice_type": "images",
        },
      ],
      "main": Array [],
      "meta_description": null,
      "meta_title": null,
      "parent": Object {
        "id": "linkId123xYz",
        "link_type": "Document",
      },
      "title": Array [
        Object {
          "spans": Array [],
          "text": "Home",
          "type": "heading1",
        },
      ],
    },
    "dataString": "{\\"title\\":[{\\"type\\":\\"heading1\\",\\"text\\":\\"Home\\",\\"spans\\":[]}],\\"meta_title\\":null,\\"meta_description\\":null,\\"parent\\":{\\"link_type\\":\\"Document\\",\\"id\\":\\"linkId123xYz\\"},\\"main\\":[],\\"body\\":[{\\"slice_type\\":\\"text\\",\\"slice_label\\":null,\\"items\\":[{}],\\"primary\\":{\\"text\\":[{\\"type\\":\\"paragraph\\",\\"text\\":\\"Example text\\",\\"spans\\":[]}]}},{\\"slice_type\\":\\"images\\",\\"slice_label\\":null,\\"items\\":[{\\"image\\":{\\"dimensions\\":{\\"width\\":2000,\\"height\\":1333},\\"alt\\":\\"Example alt text\\",\\"copyright\\":null,\\"url\\":\\"https://images.prismic.io/gatsby-starter-ww%2F975fc7f0-6d9c-4034-a7de-0b46379ee05b_sean-pollock-203658-unsplash.jpg?auto=compress,format&rect=0,0,6000,3999&w=2000&h=1333\\",\\"Mobile\\":{\\"url\\":\\"https://images.prismic.io/gatsby-starter-ww%2F975fc7f0-6d9c-4034-a7de-0b46379ee05b_sean-pollock-203658-unsplash.jpg?auto=compress,format&rect=0,0,6000,3999&w=1000&h=667\\",\\"dimensions\\":{\\"width\\":1000,\\"height\\":667}}},\\"caption\\":[{\\"type\\":\\"paragraph\\",\\"text\\":\\"Example camption\\",\\"spans\\":[]}]}],\\"primary\\":{}}]}",
    "first_publication_date": "2019-01-06T04:03:51+0000",
    "href": "https://gatsby-starter-ww.cdn.prismic.io/api/v2/documents/search?ref=Xj9DrRUAACcAJ33X&q=%5B%5B%3Ad+%3D+at%28document.id%2C+%22XDF-DhEAACAA5b4F%22%29+%5D%5D",
    "id": "ec62e232-90e3-5cd6-988e-c086695ceb57",
    "internal": Object {
      "contentDigest": "ea6221fd3789de0562757f3d8c574bcb",
      "type": "PrismicPage",
    },
    "lang": "en-us",
    "last_publication_date": "2020-02-08T23:26:37+0000",
    "linked_documents": Array [],
    "prismicId": "documentId",
    "slugs": Array [
      "home",
    ],
    "tags": Array [],
    "type": "page",
    "uid": "home",
    "url": undefined,
  },
}
`;
